// Jest Snapshot v1, https://goo.gl/fbAQLP

exports[`PrettierVersion returns pluggin version 1`] = `"0.2.7"`;
